------------------------------------------------------------
TimeQuest Timing Analyzer Summary
------------------------------------------------------------

Type  : Slow Model Setup 'CLOCK_50'
Slack : -2.992
TNS   : -54.915

Type  : Slow Model Setup 'Reloj:rel|cnt[0]'
Slack : -1.884
TNS   : -9.919

Type  : Slow Model Hold 'CLOCK_50'
Slack : -3.625
TNS   : -43.064

Type  : Slow Model Hold 'Reloj:rel|cnt[0]'
Slack : -1.887
TNS   : -7.290

Type  : Slow Model Recovery 'CLOCK_50'
Slack : -4.740
TNS   : -147.652

Type  : Slow Model Recovery 'KEY[1]'
Slack : -4.610
TNS   : -4.610

Type  : Slow Model Recovery 'KEY[0]'
Slack : -2.317
TNS   : -2.317

Type  : Slow Model Recovery 'Reloj:rel|cnt[0]'
Slack : 1.291
TNS   : 0.000

Type  : Slow Model Removal 'Reloj:rel|cnt[0]'
Slack : -1.039
TNS   : -4.156

Type  : Slow Model Removal 'CLOCK_50'
Slack : -0.180
TNS   : -2.880

Type  : Slow Model Removal 'KEY[1]'
Slack : 2.585
TNS   : 0.000

Type  : Slow Model Removal 'KEY[0]'
Slack : 3.069
TNS   : 0.000

Type  : Slow Model Minimum Pulse Width 'CLOCK_50'
Slack : -1.631
TNS   : -40.735

Type  : Slow Model Minimum Pulse Width 'KEY[0]'
Slack : -1.469
TNS   : -2.691

Type  : Slow Model Minimum Pulse Width 'KEY[1]'
Slack : -1.469
TNS   : -2.691

Type  : Slow Model Minimum Pulse Width 'Reloj:rel|cnt[0]'
Slack : -0.611
TNS   : -8.554

Type  : Slow Model Minimum Pulse Width 'ControladorEstats:ce|ini'
Slack : 0.500
TNS   : 0.000

Type  : Fast Model Setup 'CLOCK_50'
Slack : -0.700
TNS   : -6.842

Type  : Fast Model Setup 'Reloj:rel|cnt[0]'
Slack : -0.120
TNS   : -0.120

Type  : Fast Model Hold 'CLOCK_50'
Slack : -1.740
TNS   : -27.281

Type  : Fast Model Hold 'Reloj:rel|cnt[0]'
Slack : -1.344
TNS   : -5.240

Type  : Fast Model Recovery 'KEY[1]'
Slack : -1.840
TNS   : -1.840

Type  : Fast Model Recovery 'CLOCK_50'
Slack : -1.777
TNS   : -55.261

Type  : Fast Model Recovery 'KEY[0]'
Slack : -1.004
TNS   : -1.004

Type  : Fast Model Recovery 'Reloj:rel|cnt[0]'
Slack : 0.728
TNS   : 0.000

Type  : Fast Model Removal 'Reloj:rel|cnt[0]'
Slack : -0.348
TNS   : -1.392

Type  : Fast Model Removal 'CLOCK_50'
Slack : 0.086
TNS   : 0.000

Type  : Fast Model Removal 'KEY[1]'
Slack : 1.069
TNS   : 0.000

Type  : Fast Model Removal 'KEY[0]'
Slack : 1.884
TNS   : 0.000

Type  : Fast Model Minimum Pulse Width 'CLOCK_50'
Slack : -1.380
TNS   : -33.380

Type  : Fast Model Minimum Pulse Width 'KEY[0]'
Slack : -1.222
TNS   : -2.222

Type  : Fast Model Minimum Pulse Width 'KEY[1]'
Slack : -1.222
TNS   : -2.222

Type  : Fast Model Minimum Pulse Width 'Reloj:rel|cnt[0]'
Slack : -0.500
TNS   : -7.000

Type  : Fast Model Minimum Pulse Width 'ControladorEstats:ce|ini'
Slack : 0.500
TNS   : 0.000

------------------------------------------------------------
